---
source: crates/common/eurora-tools-macros/tests/descriptors_snapshot.rs
expression: wire
---
[
    WireToolDescriptor {
        definition: ToolDefinition {
            name: "browser::youtube::get_current_timestamp",
            description: "Return the user's current playback position.",
            parameters: Object {
                "$schema": String("https://json-schema.org/draft/2020-12/schema"),
                "title": String("Empty"),
                "type": String("object"),
            },
        },
        output_schema: Object {
            "$schema": String("https://json-schema.org/draft/2020-12/schema"),
            "properties": Object {
                "current_time": Object {
                    "format": String("double"),
                    "type": String("number"),
                },
                "video_id": Object {
                    "type": String("string"),
                },
            },
            "required": Array [
                String("video_id"),
                String("current_time"),
            ],
            "title": String("CurrentTimestamp"),
            "type": String("object"),
        },
        timeout_ms: 2000,
        source: Bridge {
            app_kind: "browser",
        },
        required_contexts: [
            "youtube::watch_page",
        ],
        requires_user_approval: false,
    },
    WireToolDescriptor {
        definition: ToolDefinition {
            name: "browser::youtube::get_transcript",
            description: "Return the full transcript of the video the user is watching.",
            parameters: Object {
                "$schema": String("https://json-schema.org/draft/2020-12/schema"),
                "title": String("Empty"),
                "type": String("object"),
            },
        },
        output_schema: Object {
            "$schema": String("https://json-schema.org/draft/2020-12/schema"),
            "properties": Object {
                "text": Object {
                    "type": String("string"),
                },
                "video_id": Object {
                    "type": String("string"),
                },
            },
            "required": Array [
                String("video_id"),
                String("text"),
            ],
            "title": String("Transcript"),
            "type": String("object"),
        },
        timeout_ms: 10000,
        source: Bridge {
            app_kind: "browser",
        },
        required_contexts: [
            "youtube::watch_page",
            "browser::active_tab",
        ],
        requires_user_approval: false,
    },
]
